../Core/Src/main.c:77:5:main	8	static
../Core/Src/main.c:387:7:Buzzer_Teclas	8	static
../Core/Src/main.c:395:7:INC_Boucing	8	static
../Core/Src/main.c:400:7:DEC_Boucing	8	static
../Core/Src/main.c:405:7:ENTER_Boucing	8	static
../Core/Src/main.c:411:7:start_preset	8	static
../Core/Src/main.c:455:7:start_config	8	static
../Core/Src/main.c:498:7:sys_init	8	static
../Core/Src/main.c:510:7:set_converter	8	static
../Core/Src/main.c:520:7:converter_preset	8	static
../Core/Src/main.c:535:6:SystemClock_Config	72	static
../Core/Src/main.c:575:13:MX_TIM2_Init	64	static
../Core/Src/main.c:634:13:MX_GPIO_Init	40	static
../Core/Src/main.c:703:6:Error_Handler	4	static,ignoring_inline_asm
