../Core/Src/main.c:94:5:main	24	static
../Core/Src/main.c:405:7:Buzzer_Teclas	8	static
../Core/Src/main.c:413:7:INC_Boucing	8	static
../Core/Src/main.c:418:7:DEC_Boucing	8	static
../Core/Src/main.c:423:7:ENTER_Boucing	8	static
../Core/Src/main.c:429:7:start_preset	8	static
../Core/Src/main.c:473:7:start_config	8	static
../Core/Src/main.c:516:7:sys_init	8	static
../Core/Src/main.c:528:7:set_converter	8	static
../Core/Src/main.c:538:7:converter_preset	8	static
../Core/Src/main.c:548:10:find_I2C_device	24	static
../Core/Src/main.c:564:6:SystemClock_Config	72	static
../Core/Src/main.c:604:13:MX_I2C1_Init	8	static
../Core/Src/main.c:638:13:MX_TIM2_Init	32	static
../Core/Src/main.c:683:13:MX_TIM3_Init	48	static
../Core/Src/main.c:732:13:MX_GPIO_Init	40	static
../Core/Src/main.c:795:6:Error_Handler	4	static,ignoring_inline_asm
